varchar                                                            varchar                                                            varchar                                                            varchar               varchar                                                            bool        bool             varchar                                             int4         varchar                                                            bool      bool            int4       
VDBName                                                            SchemaName                                                         Name                                                               Type                  NameInSource                                                       IsPhysical  SupportsUpdates  UID                                                 Cardinality  Description                                                        IsSystem  IsMaterialized  OID        
parts                                                              SYS                                                                Columns                                                            Table                 <null>                                                             true        false            tid:2cb59cfd55db-9bd42fbd-00000001                  -1           <null>                                                             true      false           <null>     
parts                                                              SYS                                                                DataTypes                                                          Table                 <null>                                                             true        false            tid:2cb59cfd55db-6130d2cf-00000025                  -1           <null>                                                             true      false           <null>     
parts                                                              SYS                                                                KeyColumns                                                         Table                 <null>                                                             true        false            tid:2cb59cfd55db-c5c6549e-0000003b                  -1           <null>                                                             true      false           <null>     
parts                                                              SYS                                                                Keys                                                               Table                 <null>                                                             true        false            tid:2cb59cfd55db-0023a214-00000049                  -1           <null>                                                             true      false           <null>     
parts                                                              SYSADMIN                                                           MatViews                                                           Table                 <null>                                                             true        false            tid:60b87e792634-14d6450e-00000001                  -1           <null>                                                             true      false           <null>     
parts                                                              PartsSupplier                                                      PARTSSUPPLIER.PARTS                                                Table                 PARTS                                                              true        true             mmuuid:f6276601-73fe-1edc-a81c-ecf397b10590         16           <null>                                                             false     false           <null>     
parts                                                              PartsSupplier                                                      PARTSSUPPLIER.SHIP_VIA                                             Table                 SHIP_VIA                                                           true        true             mmuuid:0f4e9b80-73ff-1edc-a81c-ecf397b10590         4            <null>                                                             false     false           <null>     
parts                                                              PartsSupplier                                                      PARTSSUPPLIER.STATUS                                               Table                 STATUS                                                             true        true             mmuuid:1f297200-73ff-1edc-a81c-ecf397b10590         3            <null>                                                             false     false           <null>     
parts                                                              PartsSupplier                                                      PARTSSUPPLIER.SUPPLIER                                             Table                 SUPPLIER                                                           true        true             mmuuid:2c371ec0-73ff-1edc-a81c-ecf397b10590         16           <null>                                                             false     false           <null>     
parts                                                              PartsSupplier                                                      PARTSSUPPLIER.SUPPLIER_PARTS                                       Table                 SUPPLIER_PARTS                                                     true        true             mmuuid:3deafb00-73ff-1edc-a81c-ecf397b10590         227          <null>                                                             false     false           <null>     
parts                                                              SYS                                                                ProcedureParams                                                    Table                 <null>                                                             true        false            tid:2cb59cfd55db-ab347619-00000058                  -1           <null>                                                             true      false           <null>     
parts                                                              SYS                                                                Procedures                                                         Table                 <null>                                                             true        false            tid:2cb59cfd55db-8f29b420-0000006d                  -1           <null>                                                             true      false           <null>     
parts                                                              SYS                                                                Properties                                                         Table                 <null>                                                             true        false            tid:2cb59cfd55db-3f9f6953-00000079                  -1           <null>                                                             true      false           <null>     
parts                                                              SYS                                                                ReferenceKeyColumns                                                Table                 <null>                                                             true        false            tid:2cb59cfd55db-aa92fa09-00000080                  -1           <null>                                                             true      false           <null>     
parts                                                              SYS                                                                Schemas                                                            Table                 <null>                                                             true        false            tid:2cb59cfd55db-d57e16d2-0000008f                  -1           <null>                                                             true      false           <null>     
parts                                                              SYS                                                                Tables                                                             Table                 <null>                                                             true        false            tid:2cb59cfd55db-94dc2a85-00000099                  -1           <null>                                                             true      false           <null>     
parts                                                              SYSADMIN                                                           Triggers                                                           Table                 <null>                                                             true        false            tid:60b87e792634-5d71c5db-00000010                  -1           <null>                                                             true      false           <null>     
parts                                                              SYSADMIN                                                           VDBResources                                                       Table                 <null>                                                             true        false            tid:60b87e792634-1e9b1131-0000000c                  -1           <null>                                                             true      false           <null>     
parts                                                              SYS                                                                VirtualDatabases                                                   Table                 <null>                                                             true        false            tid:2cb59cfd55db-a9e11fad-000000aa                  -1           <null>                                                             true      false           <null>     
parts                                                              pg_catalog                                                         matpg_datatype                                                     Table                 <null>                                                             false       false            tid:7ff2755e9621-e544c1cc-0000006b                  -1           <null>                                                             true      true            <null>     
parts                                                              pg_catalog                                                         matpg_relatt                                                       Table                 <null>                                                             false       false            tid:7ff2755e9621-75d65150-00000061                  -1           <null>                                                             true      true            <null>     
parts                                                              pg_catalog                                                         pg_am                                                              Table                 <null>                                                             false       false            tid:7ff2755e9621-065a8b74-00000034                  -1           <null>                                                             true      false           <null>     
parts                                                              pg_catalog                                                         pg_attrdef                                                         Table                 <null>                                                             false       false            tid:7ff2755e9621-ec00662c-0000004d                  -1           <null>                                                             true      false           <null>     
parts                                                              pg_catalog                                                         pg_attribute                                                       Table                 <null>                                                             false       false            tid:7ff2755e9621-edc4ea54-0000000f                  -1           <null>                                                             true      true            <null>     
parts                                                              pg_catalog                                                         pg_class                                                           Table                 <null>                                                             false       false            tid:7ff2755e9621-62e78530-00000004                  -1           <null>                                                             true      true            <null>     
parts                                                              pg_catalog                                                         pg_database                                                        Table                 <null>                                                             false       false            tid:7ff2755e9621-dda8fac3-00000052                  -1           <null>                                                             true      false           <null>     
parts                                                              pg_catalog                                                         pg_description                                                     Table                 <null>                                                             false       false            tid:7ff2755e9621-3be1b5b4-00000073                  -1           <null>                                                             true      false           <null>     
parts                                                              pg_catalog                                                         pg_index                                                           Table                 <null>                                                             false       false            tid:7ff2755e9621-633d048a-00000028                  -1           <null>                                                             true      true            <null>     
parts                                                              pg_catalog                                                         pg_namespace                                                       Table                 <null>                                                             false       false            tid:7ff2755e9621-37a09513-00000001                  -1           <null>                                                             true      false           <null>     
parts                                                              pg_catalog                                                         pg_proc                                                            Table                 <null>                                                             false       false            tid:7ff2755e9621-d9ec709e-00000037                  -1           <null>                                                             true      true            <null>     
parts                                                              pg_catalog                                                         pg_trigger                                                         Table                 <null>                                                             false       false            tid:7ff2755e9621-d50d2370-00000043                  -1           <null>                                                             true      false           <null>     
parts                                                              pg_catalog                                                         pg_type                                                            Table                 <null>                                                             false       false            tid:7ff2755e9621-d9ee5c82-0000001b                  -1           <null>                                                             true      true            <null>     
parts                                                              pg_catalog                                                         pg_user                                                            Table                 <null>                                                             false       false            tid:7ff2755e9621-d9eeb913-0000005c                  -1           <null>                                                             true      false           <null>     
Row Count : 33
getColumnName    getColumnType  getCatalogName  getColumnClassName  getColumnLabel   getColumnTypeName  getSchemaName  getTableName  getColumnDisplaySize  getPrecision  getScale  isAutoIncrement  isCaseSensitive  isCurrency  isDefinitelyWritable  isNullable  isReadOnly  isSearchable  isSigned  isWritable  
VDBName          12                             java.lang.String    VDBName          varchar                                         255                   255           0         false            true             false       false                 1           false       true          false     true        
SchemaName       12                             java.lang.String    SchemaName       varchar                                         255                   255           0         false            true             false       false                 1           false       true          false     true        
Name             12                             java.lang.String    Name             varchar                                         255                   255           0         false            true             false       false                 0           false       true          false     true        
Type             12                             java.lang.String    Type             varchar                                         20                    20            0         false            true             false       false                 0           false       true          false     true        
NameInSource     12                             java.lang.String    NameInSource     varchar                                         255                   255           0         false            true             false       false                 1           false       true          false     true        
IsPhysical       -7                             java.lang.Boolean   IsPhysical       bool                                            1                     1             0         false            false            false       false                 0           false       true          false     true        
SupportsUpdates  -7                             java.lang.Boolean   SupportsUpdates  bool                                            1                     1             0         false            false            false       false                 0           false       true          false     true        
UID              12                             java.lang.String    UID              varchar                                         50                    50            0         false            true             false       false                 0           false       true          false     true        
Cardinality      4                              java.lang.Integer   Cardinality      int4                                            11                    10            0         false            false            false       false                 0           false       true          true      true        
Description      12                             java.lang.String    Description      varchar                                         255                   255           0         false            true             false       false                 1           false       true          false     true        
IsSystem         -7                             java.lang.Boolean   IsSystem         bool                                            1                     1             0         false            false            false       false                 1           false       true          false     true        
IsMaterialized   -7                             java.lang.Boolean   IsMaterialized   bool                                            1                     1             0         false            false            false       false                 0           false       true          false     true        
OID              4                              java.lang.Integer   OID              int4                                            11                    10            0         false            false            false       false                 1           false       true          true      true        
